should create deployment with default values:
  1: |
    apiVersion: apps/v1
    kind: Deployment
    metadata:
      labels:
        app.kubernetes.io/instance: RELEASE-NAME
        app.kubernetes.io/managed-by: Helm
        app.kubernetes.io/name: kmcp
        control-plane: controller-manager
        helm.sh/chart: kmcp-0.1.0
      name: RELEASE-NAME-controller-manager
      namespace: NAMESPACE
    spec:
      replicas: 1
      selector:
        matchLabels:
          app.kubernetes.io/instance: RELEASE-NAME
          app.kubernetes.io/name: kmcp
          control-plane: controller-manager
      template:
        metadata:
          annotations:
            kubectl.kubernetes.io/default-container: manager
          labels:
            app.kubernetes.io/instance: RELEASE-NAME
            app.kubernetes.io/name: kmcp
            control-plane: controller-manager
        spec:
          containers:
            - args:
                - --leader-elect
                - --health-probe-bind-address=:8081
                - --metrics-bind-address=:8443
              command:
                - /manager
              image: test-repo:v1.0.0
              imagePullPolicy: IfNotPresent
              livenessProbe:
                httpGet:
                  path: /healthz
                  port: health
                initialDelaySeconds: 15
                periodSeconds: 20
              name: manager
              ports:
                - containerPort: 8443
                  name: metrics
                  protocol: TCP
                - containerPort: 8081
                  name: health
                  protocol: TCP
              readinessProbe:
                httpGet:
                  path: /readyz
                  port: health
                initialDelaySeconds: 5
                periodSeconds: 10
              resources:
                limits:
                  cpu: 500m
                  memory: 128Mi
                requests:
                  cpu: 10m
                  memory: 64Mi
              securityContext:
                allowPrivilegeEscalation: false
                capabilities:
                  drop:
                    - ALL
              volumeMounts: []
          securityContext:
            runAsNonRoot: true
            seccompProfile:
              type: RuntimeDefault
          serviceAccountName: RELEASE-NAME-kmcp-controller-manager
          terminationGracePeriodSeconds: 10
          volumes: []
should include health probe ports when health probe enabled:
  1: |
    apiVersion: apps/v1
    kind: Deployment
    metadata:
      labels:
        app.kubernetes.io/instance: RELEASE-NAME
        app.kubernetes.io/managed-by: Helm
        app.kubernetes.io/name: kmcp
        control-plane: controller-manager
        helm.sh/chart: kmcp-0.1.0
      name: RELEASE-NAME-controller-manager
      namespace: NAMESPACE
    spec:
      replicas: 1
      selector:
        matchLabels:
          app.kubernetes.io/instance: RELEASE-NAME
          app.kubernetes.io/name: kmcp
          control-plane: controller-manager
      template:
        metadata:
          annotations:
            kubectl.kubernetes.io/default-container: manager
          labels:
            app.kubernetes.io/instance: RELEASE-NAME
            app.kubernetes.io/name: kmcp
            control-plane: controller-manager
        spec:
          containers:
            - args:
                - --leader-elect
                - --health-probe-bind-address=:8081
                - --metrics-bind-address=:8443
              command:
                - /manager
              image: test-repo:v1.0.0
              imagePullPolicy: IfNotPresent
              livenessProbe:
                httpGet:
                  path: /healthz
                  port: health
                initialDelaySeconds: 15
                periodSeconds: 20
              name: manager
              ports:
                - containerPort: 8443
                  name: metrics
                  protocol: TCP
                - containerPort: 8081
                  name: health
                  protocol: TCP
              readinessProbe:
                httpGet:
                  path: /readyz
                  port: health
                initialDelaySeconds: 5
                periodSeconds: 10
              resources:
                limits:
                  cpu: 500m
                  memory: 128Mi
                requests:
                  cpu: 10m
                  memory: 64Mi
              securityContext:
                allowPrivilegeEscalation: false
                capabilities:
                  drop:
                    - ALL
              volumeMounts: []
          securityContext:
            runAsNonRoot: true
            seccompProfile:
              type: RuntimeDefault
          serviceAccountName: RELEASE-NAME-kmcp-controller-manager
          terminationGracePeriodSeconds: 10
          volumes: []
should include image pull secrets when specified:
  1: |
    apiVersion: apps/v1
    kind: Deployment
    metadata:
      labels:
        app.kubernetes.io/instance: RELEASE-NAME
        app.kubernetes.io/managed-by: Helm
        app.kubernetes.io/name: kmcp
        control-plane: controller-manager
        helm.sh/chart: kmcp-0.1.0
      name: RELEASE-NAME-controller-manager
      namespace: NAMESPACE
    spec:
      replicas: 1
      selector:
        matchLabels:
          app.kubernetes.io/instance: RELEASE-NAME
          app.kubernetes.io/name: kmcp
          control-plane: controller-manager
      template:
        metadata:
          annotations:
            kubectl.kubernetes.io/default-container: manager
          labels:
            app.kubernetes.io/instance: RELEASE-NAME
            app.kubernetes.io/name: kmcp
            control-plane: controller-manager
        spec:
          containers:
            - args:
                - --leader-elect
                - --health-probe-bind-address=:8081
                - --metrics-bind-address=:8443
              command:
                - /manager
              image: test-repo:v1.0.0
              imagePullPolicy: IfNotPresent
              livenessProbe:
                httpGet:
                  path: /healthz
                  port: health
                initialDelaySeconds: 15
                periodSeconds: 20
              name: manager
              ports:
                - containerPort: 8443
                  name: metrics
                  protocol: TCP
                - containerPort: 8081
                  name: health
                  protocol: TCP
              readinessProbe:
                httpGet:
                  path: /readyz
                  port: health
                initialDelaySeconds: 5
                periodSeconds: 10
              resources:
                limits:
                  cpu: 500m
                  memory: 128Mi
                requests:
                  cpu: 10m
                  memory: 64Mi
              securityContext:
                allowPrivilegeEscalation: false
                capabilities:
                  drop:
                    - ALL
              volumeMounts: []
          imagePullSecrets:
            - name: my-registry-secret
          securityContext:
            runAsNonRoot: true
            seccompProfile:
              type: RuntimeDefault
          serviceAccountName: RELEASE-NAME-kmcp-controller-manager
          terminationGracePeriodSeconds: 10
          volumes: []
should include metrics port when metrics enabled:
  1: |
    apiVersion: apps/v1
    kind: Deployment
    metadata:
      labels:
        app.kubernetes.io/instance: RELEASE-NAME
        app.kubernetes.io/managed-by: Helm
        app.kubernetes.io/name: kmcp
        control-plane: controller-manager
        helm.sh/chart: kmcp-0.1.0
      name: RELEASE-NAME-controller-manager
      namespace: NAMESPACE
    spec:
      replicas: 1
      selector:
        matchLabels:
          app.kubernetes.io/instance: RELEASE-NAME
          app.kubernetes.io/name: kmcp
          control-plane: controller-manager
      template:
        metadata:
          annotations:
            kubectl.kubernetes.io/default-container: manager
          labels:
            app.kubernetes.io/instance: RELEASE-NAME
            app.kubernetes.io/name: kmcp
            control-plane: controller-manager
        spec:
          containers:
            - args:
                - --leader-elect
                - --health-probe-bind-address=:8081
                - --metrics-bind-address=:8443
              command:
                - /manager
              image: test-repo:v1.0.0
              imagePullPolicy: IfNotPresent
              livenessProbe:
                httpGet:
                  path: /healthz
                  port: health
                initialDelaySeconds: 15
                periodSeconds: 20
              name: manager
              ports:
                - containerPort: 8443
                  name: metrics
                  protocol: TCP
                - containerPort: 8081
                  name: health
                  protocol: TCP
              readinessProbe:
                httpGet:
                  path: /readyz
                  port: health
                initialDelaySeconds: 5
                periodSeconds: 10
              resources:
                limits:
                  cpu: 500m
                  memory: 128Mi
                requests:
                  cpu: 10m
                  memory: 64Mi
              securityContext:
                allowPrivilegeEscalation: false
                capabilities:
                  drop:
                    - ALL
              volumeMounts: []
          securityContext:
            runAsNonRoot: true
            seccompProfile:
              type: RuntimeDefault
          serviceAccountName: RELEASE-NAME-kmcp-controller-manager
          terminationGracePeriodSeconds: 10
          volumes: []
should include node selector when specified:
  1: |
    apiVersion: apps/v1
    kind: Deployment
    metadata:
      labels:
        app.kubernetes.io/instance: RELEASE-NAME
        app.kubernetes.io/managed-by: Helm
        app.kubernetes.io/name: kmcp
        control-plane: controller-manager
        helm.sh/chart: kmcp-0.1.0
      name: RELEASE-NAME-controller-manager
      namespace: NAMESPACE
    spec:
      replicas: 1
      selector:
        matchLabels:
          app.kubernetes.io/instance: RELEASE-NAME
          app.kubernetes.io/name: kmcp
          control-plane: controller-manager
      template:
        metadata:
          annotations:
            kubectl.kubernetes.io/default-container: manager
          labels:
            app.kubernetes.io/instance: RELEASE-NAME
            app.kubernetes.io/name: kmcp
            control-plane: controller-manager
        spec:
          containers:
            - args:
                - --leader-elect
                - --health-probe-bind-address=:8081
                - --metrics-bind-address=:8443
              command:
                - /manager
              image: test-repo:v1.0.0
              imagePullPolicy: IfNotPresent
              livenessProbe:
                httpGet:
                  path: /healthz
                  port: health
                initialDelaySeconds: 15
                periodSeconds: 20
              name: manager
              ports:
                - containerPort: 8443
                  name: metrics
                  protocol: TCP
                - containerPort: 8081
                  name: health
                  protocol: TCP
              readinessProbe:
                httpGet:
                  path: /readyz
                  port: health
                initialDelaySeconds: 5
                periodSeconds: 10
              resources:
                limits:
                  cpu: 500m
                  memory: 128Mi
                requests:
                  cpu: 10m
                  memory: 64Mi
              securityContext:
                allowPrivilegeEscalation: false
                capabilities:
                  drop:
                    - ALL
              volumeMounts: []
          nodeSelector:
            kubernetes.io/os: linux
          securityContext:
            runAsNonRoot: true
            seccompProfile:
              type: RuntimeDefault
          serviceAccountName: RELEASE-NAME-kmcp-controller-manager
          terminationGracePeriodSeconds: 10
          volumes: []
should include pod annotations when specified:
  1: |
    apiVersion: apps/v1
    kind: Deployment
    metadata:
      labels:
        app.kubernetes.io/instance: RELEASE-NAME
        app.kubernetes.io/managed-by: Helm
        app.kubernetes.io/name: kmcp
        control-plane: controller-manager
        helm.sh/chart: kmcp-0.1.0
      name: RELEASE-NAME-controller-manager
      namespace: NAMESPACE
    spec:
      replicas: 1
      selector:
        matchLabels:
          app.kubernetes.io/instance: RELEASE-NAME
          app.kubernetes.io/name: kmcp
          control-plane: controller-manager
      template:
        metadata:
          annotations:
            kubectl.kubernetes.io/default-container: manager
            prometheus.io/port: "8443"
            prometheus.io/scrape: "true"
          labels:
            app.kubernetes.io/instance: RELEASE-NAME
            app.kubernetes.io/name: kmcp
            control-plane: controller-manager
        spec:
          containers:
            - args:
                - --leader-elect
                - --health-probe-bind-address=:8081
                - --metrics-bind-address=:8443
              command:
                - /manager
              image: test-repo:v1.0.0
              imagePullPolicy: IfNotPresent
              livenessProbe:
                httpGet:
                  path: /healthz
                  port: health
                initialDelaySeconds: 15
                periodSeconds: 20
              name: manager
              ports:
                - containerPort: 8443
                  name: metrics
                  protocol: TCP
                - containerPort: 8081
                  name: health
                  protocol: TCP
              readinessProbe:
                httpGet:
                  path: /readyz
                  port: health
                initialDelaySeconds: 5
                periodSeconds: 10
              resources:
                limits:
                  cpu: 500m
                  memory: 128Mi
                requests:
                  cpu: 10m
                  memory: 64Mi
              securityContext:
                allowPrivilegeEscalation: false
                capabilities:
                  drop:
                    - ALL
              volumeMounts: []
          securityContext:
            runAsNonRoot: true
            seccompProfile:
              type: RuntimeDefault
          serviceAccountName: RELEASE-NAME-kmcp-controller-manager
          terminationGracePeriodSeconds: 10
          volumes: []
should include tolerations when specified:
  1: |
    apiVersion: apps/v1
    kind: Deployment
    metadata:
      labels:
        app.kubernetes.io/instance: RELEASE-NAME
        app.kubernetes.io/managed-by: Helm
        app.kubernetes.io/name: kmcp
        control-plane: controller-manager
        helm.sh/chart: kmcp-0.1.0
      name: RELEASE-NAME-controller-manager
      namespace: NAMESPACE
    spec:
      replicas: 1
      selector:
        matchLabels:
          app.kubernetes.io/instance: RELEASE-NAME
          app.kubernetes.io/name: kmcp
          control-plane: controller-manager
      template:
        metadata:
          annotations:
            kubectl.kubernetes.io/default-container: manager
          labels:
            app.kubernetes.io/instance: RELEASE-NAME
            app.kubernetes.io/name: kmcp
            control-plane: controller-manager
        spec:
          containers:
            - args:
                - --leader-elect
                - --health-probe-bind-address=:8081
                - --metrics-bind-address=:8443
              command:
                - /manager
              image: test-repo:v1.0.0
              imagePullPolicy: IfNotPresent
              livenessProbe:
                httpGet:
                  path: /healthz
                  port: health
                initialDelaySeconds: 15
                periodSeconds: 20
              name: manager
              ports:
                - containerPort: 8443
                  name: metrics
                  protocol: TCP
                - containerPort: 8081
                  name: health
                  protocol: TCP
              readinessProbe:
                httpGet:
                  path: /readyz
                  port: health
                initialDelaySeconds: 5
                periodSeconds: 10
              resources:
                limits:
                  cpu: 500m
                  memory: 128Mi
                requests:
                  cpu: 10m
                  memory: 64Mi
              securityContext:
                allowPrivilegeEscalation: false
                capabilities:
                  drop:
                    - ALL
              volumeMounts: []
          securityContext:
            runAsNonRoot: true
            seccompProfile:
              type: RuntimeDefault
          serviceAccountName: RELEASE-NAME-kmcp-controller-manager
          terminationGracePeriodSeconds: 10
          tolerations:
            - effect: NoSchedule
              key: key
              operator: Equal
              value: value
          volumes: []
should set custom replica count:
  1: |
    apiVersion: apps/v1
    kind: Deployment
    metadata:
      labels:
        app.kubernetes.io/instance: RELEASE-NAME
        app.kubernetes.io/managed-by: Helm
        app.kubernetes.io/name: kmcp
        control-plane: controller-manager
        helm.sh/chart: kmcp-0.1.0
      name: RELEASE-NAME-controller-manager
      namespace: NAMESPACE
    spec:
      replicas: 3
      selector:
        matchLabels:
          app.kubernetes.io/instance: RELEASE-NAME
          app.kubernetes.io/name: kmcp
          control-plane: controller-manager
      template:
        metadata:
          annotations:
            kubectl.kubernetes.io/default-container: manager
          labels:
            app.kubernetes.io/instance: RELEASE-NAME
            app.kubernetes.io/name: kmcp
            control-plane: controller-manager
        spec:
          containers:
            - args:
                - --leader-elect
                - --health-probe-bind-address=:8081
                - --metrics-bind-address=:8443
              command:
                - /manager
              image: test-repo:v1.0.0
              imagePullPolicy: IfNotPresent
              livenessProbe:
                httpGet:
                  path: /healthz
                  port: health
                initialDelaySeconds: 15
                periodSeconds: 20
              name: manager
              ports:
                - containerPort: 8443
                  name: metrics
                  protocol: TCP
                - containerPort: 8081
                  name: health
                  protocol: TCP
              readinessProbe:
                httpGet:
                  path: /readyz
                  port: health
                initialDelaySeconds: 5
                periodSeconds: 10
              resources:
                limits:
                  cpu: 500m
                  memory: 128Mi
                requests:
                  cpu: 10m
                  memory: 64Mi
              securityContext:
                allowPrivilegeEscalation: false
                capabilities:
                  drop:
                    - ALL
              volumeMounts: []
          securityContext:
            runAsNonRoot: true
            seccompProfile:
              type: RuntimeDefault
          serviceAccountName: RELEASE-NAME-kmcp-controller-manager
          terminationGracePeriodSeconds: 10
          volumes: []
should set custom resources:
  1: |
    apiVersion: apps/v1
    kind: Deployment
    metadata:
      labels:
        app.kubernetes.io/instance: RELEASE-NAME
        app.kubernetes.io/managed-by: Helm
        app.kubernetes.io/name: kmcp
        control-plane: controller-manager
        helm.sh/chart: kmcp-0.1.0
      name: RELEASE-NAME-controller-manager
      namespace: NAMESPACE
    spec:
      replicas: 1
      selector:
        matchLabels:
          app.kubernetes.io/instance: RELEASE-NAME
          app.kubernetes.io/name: kmcp
          control-plane: controller-manager
      template:
        metadata:
          annotations:
            kubectl.kubernetes.io/default-container: manager
          labels:
            app.kubernetes.io/instance: RELEASE-NAME
            app.kubernetes.io/name: kmcp
            control-plane: controller-manager
        spec:
          containers:
            - args:
                - --leader-elect
                - --health-probe-bind-address=:8081
                - --metrics-bind-address=:8443
              command:
                - /manager
              image: test-repo:v1.0.0
              imagePullPolicy: IfNotPresent
              livenessProbe:
                httpGet:
                  path: /healthz
                  port: health
                initialDelaySeconds: 15
                periodSeconds: 20
              name: manager
              ports:
                - containerPort: 8443
                  name: metrics
                  protocol: TCP
                - containerPort: 8081
                  name: health
                  protocol: TCP
              readinessProbe:
                httpGet:
                  path: /readyz
                  port: health
                initialDelaySeconds: 5
                periodSeconds: 10
              resources:
                limits:
                  cpu: 1000m
                  memory: 256Mi
                requests:
                  cpu: 100m
                  memory: 128Mi
              securityContext:
                allowPrivilegeEscalation: false
                capabilities:
                  drop:
                    - ALL
              volumeMounts: []
          securityContext:
            runAsNonRoot: true
            seccompProfile:
              type: RuntimeDefault
          serviceAccountName: RELEASE-NAME-kmcp-controller-manager
          terminationGracePeriodSeconds: 10
          volumes: []
should set pod security context:
  1: |
    apiVersion: apps/v1
    kind: Deployment
    metadata:
      labels:
        app.kubernetes.io/instance: RELEASE-NAME
        app.kubernetes.io/managed-by: Helm
        app.kubernetes.io/name: kmcp
        control-plane: controller-manager
        helm.sh/chart: kmcp-0.1.0
      name: RELEASE-NAME-controller-manager
      namespace: NAMESPACE
    spec:
      replicas: 1
      selector:
        matchLabels:
          app.kubernetes.io/instance: RELEASE-NAME
          app.kubernetes.io/name: kmcp
          control-plane: controller-manager
      template:
        metadata:
          annotations:
            kubectl.kubernetes.io/default-container: manager
          labels:
            app.kubernetes.io/instance: RELEASE-NAME
            app.kubernetes.io/name: kmcp
            control-plane: controller-manager
        spec:
          containers:
            - args:
                - --leader-elect
                - --health-probe-bind-address=:8081
                - --metrics-bind-address=:8443
              command:
                - /manager
              image: test-repo:v1.0.0
              imagePullPolicy: IfNotPresent
              livenessProbe:
                httpGet:
                  path: /healthz
                  port: health
                initialDelaySeconds: 15
                periodSeconds: 20
              name: manager
              ports:
                - containerPort: 8443
                  name: metrics
                  protocol: TCP
                - containerPort: 8081
                  name: health
                  protocol: TCP
              readinessProbe:
                httpGet:
                  path: /readyz
                  port: health
                initialDelaySeconds: 5
                periodSeconds: 10
              resources:
                limits:
                  cpu: 500m
                  memory: 128Mi
                requests:
                  cpu: 10m
                  memory: 64Mi
              securityContext:
                allowPrivilegeEscalation: false
                capabilities:
                  drop:
                    - ALL
              volumeMounts: []
          securityContext:
            runAsNonRoot: true
            seccompProfile:
              type: RuntimeDefault
          serviceAccountName: RELEASE-NAME-kmcp-controller-manager
          terminationGracePeriodSeconds: 10
          volumes: []
should set security context:
  1: |
    apiVersion: apps/v1
    kind: Deployment
    metadata:
      labels:
        app.kubernetes.io/instance: RELEASE-NAME
        app.kubernetes.io/managed-by: Helm
        app.kubernetes.io/name: kmcp
        control-plane: controller-manager
        helm.sh/chart: kmcp-0.1.0
      name: RELEASE-NAME-controller-manager
      namespace: NAMESPACE
    spec:
      replicas: 1
      selector:
        matchLabels:
          app.kubernetes.io/instance: RELEASE-NAME
          app.kubernetes.io/name: kmcp
          control-plane: controller-manager
      template:
        metadata:
          annotations:
            kubectl.kubernetes.io/default-container: manager
          labels:
            app.kubernetes.io/instance: RELEASE-NAME
            app.kubernetes.io/name: kmcp
            control-plane: controller-manager
        spec:
          containers:
            - args:
                - --leader-elect
                - --health-probe-bind-address=:8081
                - --metrics-bind-address=:8443
              command:
                - /manager
              image: test-repo:v1.0.0
              imagePullPolicy: IfNotPresent
              livenessProbe:
                httpGet:
                  path: /healthz
                  port: health
                initialDelaySeconds: 15
                periodSeconds: 20
              name: manager
              ports:
                - containerPort: 8443
                  name: metrics
                  protocol: TCP
                - containerPort: 8081
                  name: health
                  protocol: TCP
              readinessProbe:
                httpGet:
                  path: /readyz
                  port: health
                initialDelaySeconds: 5
                periodSeconds: 10
              resources:
                limits:
                  cpu: 500m
                  memory: 128Mi
                requests:
                  cpu: 10m
                  memory: 64Mi
              securityContext:
                allowPrivilegeEscalation: false
                capabilities:
                  drop:
                    - ALL
              volumeMounts: []
          securityContext:
            runAsNonRoot: true
            seccompProfile:
              type: RuntimeDefault
          serviceAccountName: RELEASE-NAME-kmcp-controller-manager
          terminationGracePeriodSeconds: 10
          volumes: []
should set termination grace period:
  1: |
    apiVersion: apps/v1
    kind: Deployment
    metadata:
      labels:
        app.kubernetes.io/instance: RELEASE-NAME
        app.kubernetes.io/managed-by: Helm
        app.kubernetes.io/name: kmcp
        control-plane: controller-manager
        helm.sh/chart: kmcp-0.1.0
      name: RELEASE-NAME-controller-manager
      namespace: NAMESPACE
    spec:
      replicas: 1
      selector:
        matchLabels:
          app.kubernetes.io/instance: RELEASE-NAME
          app.kubernetes.io/name: kmcp
          control-plane: controller-manager
      template:
        metadata:
          annotations:
            kubectl.kubernetes.io/default-container: manager
          labels:
            app.kubernetes.io/instance: RELEASE-NAME
            app.kubernetes.io/name: kmcp
            control-plane: controller-manager
        spec:
          containers:
            - args:
                - --leader-elect
                - --health-probe-bind-address=:8081
                - --metrics-bind-address=:8443
              command:
                - /manager
              image: test-repo:v1.0.0
              imagePullPolicy: IfNotPresent
              livenessProbe:
                httpGet:
                  path: /healthz
                  port: health
                initialDelaySeconds: 15
                periodSeconds: 20
              name: manager
              ports:
                - containerPort: 8443
                  name: metrics
                  protocol: TCP
                - containerPort: 8081
                  name: health
                  protocol: TCP
              readinessProbe:
                httpGet:
                  path: /readyz
                  port: health
                initialDelaySeconds: 5
                periodSeconds: 10
              resources:
                limits:
                  cpu: 500m
                  memory: 128Mi
                requests:
                  cpu: 10m
                  memory: 64Mi
              securityContext:
                allowPrivilegeEscalation: false
                capabilities:
                  drop:
                    - ALL
              volumeMounts: []
          securityContext:
            runAsNonRoot: true
            seccompProfile:
              type: RuntimeDefault
          serviceAccountName: RELEASE-NAME-kmcp-controller-manager
          terminationGracePeriodSeconds: 10
          volumes: []
